make: Entering directory '/tmp/tmp9jasalex/student/build'
make[1]: Entering directory '/tmp/tmp9jasalex/student/build'
make[2]: Entering directory '/tmp/tmp9jasalex/student/build'
make[3]: Entering directory '/tmp/tmp9jasalex/student/build'
make[3]: Leaving directory '/tmp/tmp9jasalex/student/build'
make[3]: Entering directory '/tmp/tmp9jasalex/student/build'
[100%] Running cpplint to check for tabs and trailing whitespace
/tmp/tmp9jasalex/student/PtrCStringVector.cpp:6:  At least two spaces is best between code and comments  [whitespace/comments] [2]
/tmp/tmp9jasalex/student/PtrCStringVector.cpp:12:  { should almost always be at the end of the previous line  [whitespace/braces] [4]
/tmp/tmp9jasalex/student/PtrCStringVector.cpp:14:  Lines should be <= 80 characters long  [whitespace/line_length] [2]
/tmp/tmp9jasalex/student/PtrCStringVector.cpp:15:  Missing spaces around =  [whitespace/operators] [4]
/tmp/tmp9jasalex/student/PtrCStringVector.cpp:16:  Missing spaces around =  [whitespace/operators] [4]
/tmp/tmp9jasalex/student/PtrCStringVector.cpp:17:  Missing spaces around =  [whitespace/operators] [4]
/tmp/tmp9jasalex/student/PtrCStringVector.cpp:18:  Redundant blank line at the end of a code block should be deleted.  [whitespace/blank_line] [3]
/tmp/tmp9jasalex/student/PtrCStringVector.cpp:21:  Lines should be <= 80 characters long  [whitespace/line_length] [2]
/tmp/tmp9jasalex/student/PtrCStringVector.cpp:22:  { should almost always be at the end of the previous line  [whitespace/braces] [4]
/tmp/tmp9jasalex/student/PtrCStringVector.cpp:24:  Missing spaces around =  [whitespace/operators] [4]
/tmp/tmp9jasalex/student/PtrCStringVector.cpp:25:  Missing spaces around =  [whitespace/operators] [4]
/tmp/tmp9jasalex/student/PtrCStringVector.cpp:26:  Missing spaces around =  [whitespace/operators] [4]
/tmp/tmp9jasalex/student/PtrCStringVector.cpp:27:  Missing spaces around =  [whitespace/operators] [4]
/tmp/tmp9jasalex/student/PtrCStringVector.cpp:27:  Missing spaces around <  [whitespace/operators] [3]
/tmp/tmp9jasalex/student/PtrCStringVector.cpp:27:  Missing space before ( in for(  [whitespace/parens] [5]
/tmp/tmp9jasalex/student/PtrCStringVector.cpp:27:  Missing space after ;  [whitespace/semicolon] [3]
/tmp/tmp9jasalex/student/PtrCStringVector.cpp:28:  Missing spaces around !=  [whitespace/operators] [3]
/tmp/tmp9jasalex/student/PtrCStringVector.cpp:28:  Missing space before ( in if(  [whitespace/parens] [5]
/tmp/tmp9jasalex/student/PtrCStringVector.cpp:29:  Missing spaces around =  [whitespace/operators] [4]
/tmp/tmp9jasalex/student/PtrCStringVector.cpp:30:  Missing space after ,  [whitespace/comma] [3]
/tmp/tmp9jasalex/student/PtrCStringVector.cpp:32:  An else should appear on the same line as the preceding }  [whitespace/newline] [4]
/tmp/tmp9jasalex/student/PtrCStringVector.cpp:33:  Missing spaces around =  [whitespace/operators] [4]
/tmp/tmp9jasalex/student/PtrCStringVector.cpp:36:  Redundant blank line at the end of a code block should be deleted.  [whitespace/blank_line] [3]
/tmp/tmp9jasalex/student/PtrCStringVector.cpp:40:  { should almost always be at the end of the previous line  [whitespace/braces] [4]
/tmp/tmp9jasalex/student/PtrCStringVector.cpp:42:  Missing spaces around !=  [whitespace/operators] [3]
/tmp/tmp9jasalex/student/PtrCStringVector.cpp:43:  Missing spaces around =  [whitespace/operators] [4]
/tmp/tmp9jasalex/student/PtrCStringVector.cpp:43:  Missing spaces around <  [whitespace/operators] [3]
/tmp/tmp9jasalex/student/PtrCStringVector.cpp:43:  Missing space before ( in for(  [whitespace/parens] [5]
/tmp/tmp9jasalex/student/PtrCStringVector.cpp:43:  Missing space after ;  [whitespace/semicolon] [3]
/tmp/tmp9jasalex/student/PtrCStringVector.cpp:47:  Missing spaces around =  [whitespace/operators] [4]
/tmp/tmp9jasalex/student/PtrCStringVector.cpp:49:  Missing spaces around =  [whitespace/operators] [4]
/tmp/tmp9jasalex/student/PtrCStringVector.cpp:50:  Missing spaces around =  [whitespace/operators] [4]
/tmp/tmp9jasalex/student/PtrCStringVector.cpp:54:  { should almost always be at the end of the previous line  [whitespace/braces] [4]
/tmp/tmp9jasalex/student/PtrCStringVector.cpp:57:  Missing spaces around !=  [whitespace/operators] [3]
/tmp/tmp9jasalex/student/PtrCStringVector.cpp:58:  Missing spaces around =  [whitespace/operators] [4]
/tmp/tmp9jasalex/student/PtrCStringVector.cpp:58:  Missing spaces around <  [whitespace/operators] [3]
/tmp/tmp9jasalex/student/PtrCStringVector.cpp:58:  Missing space before ( in for(  [whitespace/parens] [5]
/tmp/tmp9jasalex/student/PtrCStringVector.cpp:58:  Missing space after ;  [whitespace/semicolon] [3]
/tmp/tmp9jasalex/student/PtrCStringVector.cpp:62:  Missing spaces around =  [whitespace/operators] [4]
/tmp/tmp9jasalex/student/PtrCStringVector.cpp:64:  Missing spaces around =  [whitespace/operators] [4]
/tmp/tmp9jasalex/student/PtrCStringVector.cpp:65:  Missing spaces around =  [whitespace/operators] [4]
/tmp/tmp9jasalex/student/PtrCStringVector.cpp:66:  Missing spaces around =  [whitespace/operators] [4]
/tmp/tmp9jasalex/student/PtrCStringVector.cpp:68:  Missing spaces around =  [whitespace/operators] [4]
/tmp/tmp9jasalex/student/PtrCStringVector.cpp:68:  Missing spaces around <  [whitespace/operators] [3]
/tmp/tmp9jasalex/student/PtrCStringVector.cpp:68:  Missing space before ( in for(  [whitespace/parens] [5]
/tmp/tmp9jasalex/student/PtrCStringVector.cpp:68:  Missing space after ;  [whitespace/semicolon] [3]
/tmp/tmp9jasalex/student/PtrCStringVector.cpp:69:  Missing spaces around !=  [whitespace/operators] [3]
/tmp/tmp9jasalex/student/PtrCStringVector.cpp:69:  Missing space before ( in if(  [whitespace/parens] [5]
/tmp/tmp9jasalex/student/PtrCStringVector.cpp:70:  Missing spaces around =  [whitespace/operators] [4]
/tmp/tmp9jasalex/student/PtrCStringVector.cpp:71:  Missing space after ,  [whitespace/comma] [3]
/tmp/tmp9jasalex/student/PtrCStringVector.cpp:72:  Missing space before else  [whitespace/braces] [5]
/tmp/tmp9jasalex/student/PtrCStringVector.cpp:73:  Missing spaces around =  [whitespace/operators] [4]
/tmp/tmp9jasalex/student/PtrCStringVector.cpp:75:  Redundant blank line at the end of a code block should be deleted.  [whitespace/blank_line] [3]
/tmp/tmp9jasalex/student/PtrCStringVector.cpp:82:  { should almost always be at the end of the previous line  [whitespace/braces] [4]
/tmp/tmp9jasalex/student/PtrCStringVector.cpp:96:  { should almost always be at the end of the previous line  [whitespace/braces] [4]
/tmp/tmp9jasalex/student/PtrCStringVector.cpp:101:  Missing spaces around ==  [whitespace/operators] [3]
/tmp/tmp9jasalex/student/PtrCStringVector.cpp:102:  Missing spaces around ==  [whitespace/operators] [3]
/tmp/tmp9jasalex/student/PtrCStringVector.cpp:107:  Missing spaces around =  [whitespace/operators] [4]
/tmp/tmp9jasalex/student/PtrCStringVector.cpp:108:  Missing space after ,  [whitespace/comma] [3]
/tmp/tmp9jasalex/student/PtrCStringVector.cpp:110:  Redundant blank line at the end of a code block should be deleted.  [whitespace/blank_line] [3]
/tmp/tmp9jasalex/student/PtrCStringVector.cpp:113:  Lines should be <= 80 characters long  [whitespace/line_length] [2]
/tmp/tmp9jasalex/student/PtrCStringVector.cpp:114:  { should almost always be at the end of the previous line  [whitespace/braces] [4]
/tmp/tmp9jasalex/student/PtrCStringVector.cpp:117:  Missing spaces around =  [whitespace/operators] [4]
/tmp/tmp9jasalex/student/PtrCStringVector.cpp:118:  Missing spaces around =  [whitespace/operators] [4]
/tmp/tmp9jasalex/student/PtrCStringVector.cpp:119:  Missing spaces around =  [whitespace/operators] [4]
/tmp/tmp9jasalex/student/PtrCStringVector.cpp:120:  Missing spaces around =  [whitespace/operators] [4]
/tmp/tmp9jasalex/student/PtrCStringVector.cpp:120:  Missing spaces around <  [whitespace/operators] [3]
/tmp/tmp9jasalex/student/PtrCStringVector.cpp:120:  Missing space before ( in for(  [whitespace/parens] [5]
/tmp/tmp9jasalex/student/PtrCStringVector.cpp:120:  Missing space after ;  [whitespace/semicolon] [3]
/tmp/tmp9jasalex/student/PtrCStringVector.cpp:122:  Missing space after ,  [whitespace/comma] [3]
/tmp/tmp9jasalex/student/PtrCStringVector.cpp:124:  Missing spaces around =  [whitespace/operators] [4]
/tmp/tmp9jasalex/student/PtrCStringVector.cpp:124:  Missing spaces around <  [whitespace/operators] [3]
/tmp/tmp9jasalex/student/PtrCStringVector.cpp:124:  Missing space before ( in for(  [whitespace/parens] [5]
/tmp/tmp9jasalex/student/PtrCStringVector.cpp:124:  Missing space after ;  [whitespace/semicolon] [3]
/tmp/tmp9jasalex/student/PtrCStringVector.cpp:125:  Lines should be <= 80 characters long  [whitespace/line_length] [2]
/tmp/tmp9jasalex/student/PtrCStringVector.cpp:126:  Missing space after ,  [whitespace/comma] [3]
/tmp/tmp9jasalex/student/PtrCStringVector.cpp:132:  { should almost always be at the end of the previous line  [whitespace/braces] [4]
/tmp/tmp9jasalex/student/PtrCStringVector.cpp:138:  Should have a space between // and comment  [whitespace/comments] [4]
/tmp/tmp9jasalex/student/PtrCStringVector.cpp:141:  { should almost always be at the end of the previous line  [whitespace/braces] [4]
/tmp/tmp9jasalex/student/PtrCStringVector.cpp:149:  { should almost always be at the end of the previous line  [whitespace/braces] [4]
/tmp/tmp9jasalex/student/PtrCStringVector.cpp:157:  Lines should be <= 80 characters long  [whitespace/line_length] [2]
/tmp/tmp9jasalex/student/PtrCStringVector.cpp:178:  { should almost always be at the end of the previous line  [whitespace/braces] [4]
/tmp/tmp9jasalex/student/PtrCStringVector.cpp:180:  Missing spaces around !=  [whitespace/operators] [3]
/tmp/tmp9jasalex/student/PtrCStringVector.cpp:181:  Missing spaces around =  [whitespace/operators] [4]
/tmp/tmp9jasalex/student/PtrCStringVector.cpp:181:  Missing spaces around <  [whitespace/operators] [3]
/tmp/tmp9jasalex/student/PtrCStringVector.cpp:181:  Missing space before ( in for(  [whitespace/parens] [5]
/tmp/tmp9jasalex/student/PtrCStringVector.cpp:181:  Missing space after ;  [whitespace/semicolon] [3]
/tmp/tmp9jasalex/student/PtrCStringVector.cpp:186:  Missing spaces around =  [whitespace/operators] [4]
/tmp/tmp9jasalex/student/PtrCStringVector.cpp:187:  Missing spaces around =  [whitespace/operators] [4]
/tmp/tmp9jasalex/student/PtrCStringVector.cpp:188:  Missing spaces around =  [whitespace/operators] [4]
/tmp/tmp9jasalex/student/PtrCStringVector.cpp:192:  { should almost always be at the end of the previous line  [whitespace/braces] [4]
/tmp/tmp9jasalex/student/PtrCStringVector.cpp:196:  Missing spaces around =  [whitespace/operators] [4]
/tmp/tmp9jasalex/student/PtrCStringVector.cpp:197:  Missing spaces around !=  [whitespace/operators] [3]
/tmp/tmp9jasalex/student/PtrCStringVector.cpp:197:  Missing space before ( in if(  [whitespace/parens] [5]
/tmp/tmp9jasalex/student/PtrCStringVector.cpp:198:  Missing spaces around =  [whitespace/operators] [4]
/tmp/tmp9jasalex/student/PtrCStringVector.cpp:198:  Missing spaces around <  [whitespace/operators] [3]
/tmp/tmp9jasalex/student/PtrCStringVector.cpp:198:  Missing space before ( in for(  [whitespace/parens] [5]
/tmp/tmp9jasalex/student/PtrCStringVector.cpp:198:  Missing space after ;  [whitespace/semicolon] [3]
/tmp/tmp9jasalex/student/PtrCStringVector.cpp:199:  Missing spaces around =  [whitespace/operators] [4]
/tmp/tmp9jasalex/student/PtrCStringVector.cpp:204:  Missing spaces around =  [whitespace/operators] [4]
/tmp/tmp9jasalex/student/PtrCStringVector.h:4:  At least two spaces is best between code and comments  [whitespace/comments] [2]
/tmp/tmp9jasalex/student/PtrCStringVector.h:29:  { should almost always be at the end of the previous line  [whitespace/braces] [4]
/tmp/tmp9jasalex/student/PtrCStringVector.h:30:  public: should be indented +1 space inside class PtrCStringVector  [whitespace/indent] [3]
/tmp/tmp9jasalex/student/PtrCStringVector.h:31:  Lines should be <= 80 characters long  [whitespace/line_length] [2]
/tmp/tmp9jasalex/student/PtrCStringVector.h:38:  Lines should be <= 80 characters long  [whitespace/line_length] [2]
/tmp/tmp9jasalex/student/PtrCStringVector.h:74:  { should almost always be at the end of the previous line  [whitespace/braces] [4]
/tmp/tmp9jasalex/student/PtrCStringVector.h:81:  { should almost always be at the end of the previous line  [whitespace/braces] [4]
/tmp/tmp9jasalex/student/PtrCStringVector.h:123:  protected: should be indented +1 space inside class PtrCStringVector  [whitespace/indent] [3]
/tmp/tmp9jasalex/student/PtrCStringVector.h:123:  At least two spaces is best between code and comments  [whitespace/comments] [2]
/tmp/tmp9jasalex/student/PtrCStringVector.h:124:  Lines should be <= 80 characters long  [whitespace/line_length] [2]
/tmp/tmp9jasalex/student/PtrCStringVector.h:132:  private: should be indented +1 space inside class PtrCStringVector  [whitespace/indent] [3]
/tmp/tmp9jasalex/student/PtrCStringVector.h:132:  At least two spaces is best between code and comments  [whitespace/comments] [2]
/tmp/tmp9jasalex/student/PtrCStringVector.h:138:  At least two spaces is best between code and comments  [whitespace/comments] [2]
/tmp/tmp9jasalex/student/main.cpp:10:  Lines should be <= 80 characters long  [whitespace/line_length] [2]
/tmp/tmp9jasalex/student/main.cpp:10:  At least two spaces is best between code and comments  [whitespace/comments] [2]
/tmp/tmp9jasalex/student/main.cpp:16:  { should almost always be at the end of the previous line  [whitespace/braces] [4]
/tmp/tmp9jasalex/student/main.cpp:20:  Lines should be <= 80 characters long  [whitespace/line_length] [2]
/tmp/tmp9jasalex/student/main.cpp:25:  { should almost always be at the end of the previous line  [whitespace/braces] [4]
/tmp/tmp9jasalex/student/main.cpp:30:  { should almost always be at the end of the previous line  [whitespace/braces] [4]
/tmp/tmp9jasalex/student/main.cpp:31:  Lines should be <= 80 characters long  [whitespace/line_length] [2]
/tmp/tmp9jasalex/student/main.cpp:31:  Missing spaces around <=  [whitespace/operators] [3]
/tmp/tmp9jasalex/student/main.cpp:35:  { should almost always be at the end of the previous line  [whitespace/braces] [4]
/tmp/tmp9jasalex/student/main.cpp:39:  Lines should be <= 80 characters long  [whitespace/line_length] [2]
/tmp/tmp9jasalex/student/main.cpp:40:  { should almost always be at the end of the previous line  [whitespace/braces] [4]
/tmp/tmp9jasalex/student/main.cpp:48:  { should almost always be at the end of the previous line  [whitespace/braces] [4]
/tmp/tmp9jasalex/student/main.cpp:49:  Lines should be <= 80 characters long  [whitespace/line_length] [2]
/tmp/tmp9jasalex/student/main.cpp:50:  Lines should be <= 80 characters long  [whitespace/line_length] [2]
/tmp/tmp9jasalex/student/main.cpp:52:  Lines should be <= 80 characters long  [whitespace/line_length] [2]
/tmp/tmp9jasalex/student/main.cpp:53:  Lines should be <= 80 characters long  [whitespace/line_length] [2]
/tmp/tmp9jasalex/student/main.cpp:55:  Lines should be <= 80 characters long  [whitespace/line_length] [2]
/tmp/tmp9jasalex/student/main.cpp:56:  Lines should be <= 80 characters long  [whitespace/line_length] [2]
/tmp/tmp9jasalex/student/main.cpp:57:  Lines should be <= 80 characters long  [whitespace/line_length] [2]
Done processing /tmp/tmp9jasalex/student/PtrCStringVector.cpp
Done processing /tmp/tmp9jasalex/student/PtrCStringVector.h
Done processing /tmp/tmp9jasalex/student/main.cpp
Total errors found: 132
make[3]: *** [CMakeFiles/cpplint.dir/build.make:71: CMakeFiles/cpplint] Error 1
make[3]: Leaving directory '/tmp/tmp9jasalex/student/build'
make[2]: *** [CMakeFiles/Makefile2:375: CMakeFiles/cpplint.dir/all] Error 2
make[2]: Leaving directory '/tmp/tmp9jasalex/student/build'
make[1]: *** [CMakeFiles/Makefile2:382: CMakeFiles/cpplint.dir/rule] Error 2
make[1]: Leaving directory '/tmp/tmp9jasalex/student/build'
make: *** [Makefile:273: cpplint] Error 2
make: Leaving directory '/tmp/tmp9jasalex/student/build'
